<div>IE doesn't always quote attributes</div>
<div class="image-left captioned" style="width:120px;">
  <div style="width:120px;">
    <img height=144 alt="picture alt text" src="[url for 104ede98d4c7c8eaeaa3b984f7395979]" width=120/>
  </div>
  <div class="image-caption">Test image caption</div>
</div>
<div class="captioned" style="width:120px;">
  <div style="width:120px;">
    <img height=144 alt="picture alt text" src="[url for 104ede98d4c7c8eaeaa3b984f7395979]" width=120/>
  </div>
  <div class="image-caption">Test image caption</div>
</div>
