<div>Simple text containing an embedded image</div>
<div class="image-left captioned" style="width:120px;">
 <div style="width:120px;">
  <a href="xyzzy" class="link"><img height="144" alt="picture alt text" src="[url for 104ede98d4c7c8eaeaa3b984f7395979]" width="120"/></a>
 </div>
 <div class="image-caption">
  Test image caption
 </div>
</div>
